smash> smash error: kill: invalid arguments
smash> smash error: kill: job-id -1 does not exist
smash> smash error: kill: invalid arguments
smash> smash error: kill: job-id 1 does not exist
smash> smash error: kill: invalid arguments
smash> smash error: kill: invalid arguments
smash> smash error: kill: invalid arguments
smash> smash error: kill: job-id 1 does not exist
smash> smash> smash error: kill: invalid arguments
smash> smash error: kill: invalid arguments
smash> smash error: kill: invalid arguments
smash> smash error: kill: invalid arguments
smash> smash error: kill: invalid arguments
smash> signal number 9 was sent to pid 30446
smash> smash error: kill: job-id 1 does not exist
smash> smash> smash> smash error: kill failed: Invalid argument
smash> [1] sleep 10& : 30451 0 secs
smash> smash> [1] sleep 10& : 30451 0 secs
[2] sleep 5& : 30452 0 secs
smash> smash> [1] sleep 10& : 30451 1 secs
[2] sleep 5& : 30452 1 secs
[3] sleep 3& : 30453 1 secs
smash> smash error: kill: invalid arguments
smash> smash error: kill: invalid arguments
smash> smash> smash> [1] sleep 10 & : 30478 3 secs
smash> signal number 9 was sent to pid 30478
smash> smash> smash> smash> smash: got ctrl-Z
smash: process 30489 was stopped
smash> [1] sleep 5& : 30483 0 secs
[2]           sleep        10   & : 30488 0 secs
[3] sleep 15 : 30489 0 secs (stopped)
smash> signal number 9 was sent to pid 30483
smash> [2]           sleep        10   & : 30488 0 secs
[3] sleep 15 : 30489 0 secs (stopped)
smash> signal number 9 was sent to pid 30488
smash> [3] sleep 15 : 30489 0 secs (stopped)
smash> signal number 9 was sent to pid 30489
smash> smash> smash> signal number 19 was sent to pid 30490
smash> [1] sleep 10& : 30490 2 secs
smash> smash: got ctrl-C
smash: process 30515 was killed
smash> signal number 9 was sent to pid 30490
smash> smash: sending SIGKILL signal to 0 jobs:
