smash> smash> smash> /tmp/smash_test
smash> smash pid is 1875
smash> smash: got ctrl-Z
smash: process 1888 was stopped
smash> [1] sleep 100& : 1876 0 secs
[2] sleep 50& : 1877 0 secs
[3] sleep 20 : 1888 0 secs (stopped)
smash> smash: sending SIGKILL signal to 3 jobs:
1876: sleep 100&
1877: sleep 50&
1888: sleep 20
