smash> smash pid is 30419
smash> smash pid is 30419
smash> smash> smash pid is 30419
smash> smash pid is 30419
smash> smash pid is 30419
smash> 